-------- day 0 -------- 
name, sellIn, quality 
Aged Brie, 1, 49
Backstage passes to a TAFKAL80ETC concert, 1, 49
Sulfuras, Hand of Ragnaros, 1, 49
Item of Randomness, 1, 49

-------- day 1 -------- 
name, sellIn, quality 
Aged Brie, 0, 50
Backstage passes to a TAFKAL80ETC concert, 0, 50
Sulfuras, Hand of Ragnaros, 1, 49
Item of Randomness, 0, 48

-------- day 2 -------- 
name, sellIn, quality 
Aged Brie, -1, 50
Backstage passes to a TAFKAL80ETC concert, -1, 0
Sulfuras, Hand of Ragnaros, 1, 49
Item of Randomness, -1, 46

