-------- day 0 -------- 
name, sellIn, quality 
Aged Brie, 2, 0

-------- day 1 -------- 
name, sellIn, quality 
Aged Brie, 1, 1

-------- day 2 -------- 
name, sellIn, quality 
Aged Brie, 0, 2

-------- day 3 -------- 
name, sellIn, quality 
Aged Brie, -1, 4

-------- day 4 -------- 
name, sellIn, quality 
Aged Brie, -2, 6

