-------- day 0 -------- 
name, sellIn, quality 
Backstage passes to a TAFKAL80ETC concert, 12, 30
Backstage passes to a TAFKAL80ETC concert, 7, 30
Item of Randomness, 1, 0

-------- day 1 -------- 
name, sellIn, quality 
Backstage passes to a TAFKAL80ETC concert, 11, 31
Backstage passes to a TAFKAL80ETC concert, 6, 32
Item of Randomness, 0, 0

-------- day 2 -------- 
name, sellIn, quality 
Backstage passes to a TAFKAL80ETC concert, 10, 32
Backstage passes to a TAFKAL80ETC concert, 5, 34
Item of Randomness, -1, 0

