-------- day 0 -------- 
name, sellIn, quality 
Aged Brie, 10, 49
Backstage passes to a TAFKAL80ETC concert, 10, 49
Sulfuras, Hand of Ragnaros, 10, 49
Item of Randomness, 10, 49

-------- day 1 -------- 
name, sellIn, quality 
Aged Brie, 9, 50
Backstage passes to a TAFKAL80ETC concert, 9, 50
Sulfuras, Hand of Ragnaros, 10, 49
Item of Randomness, 9, 48

-------- day 2 -------- 
name, sellIn, quality 
Aged Brie, 8, 50
Backstage passes to a TAFKAL80ETC concert, 8, 50
Sulfuras, Hand of Ragnaros, 10, 49
Item of Randomness, 8, 47

